../Core/Src/main.c:130:5:main	456	static
../Core/Src/main.c:470:7:SystemClock_Config	88	static
../Core/Src/main.c:515:14:MX_TIM1_Init	120	static
../Core/Src/main.c:593:14:MX_TIM2_Init	88	static
../Core/Src/main.c:653:14:MX_TIM3_Init	40	static
../Core/Src/main.c:695:14:MX_TIM4_Init	40	static
../Core/Src/main.c:737:14:MX_TIM6_Init	24	static
../Core/Src/main.c:773:14:MX_USART1_UART_Init	8	static
../Core/Src/main.c:818:14:MX_GPIO_Init	40	static
../Core/Src/main.c:890:7:HAL_TIM_PeriodElapsedCallback	16	static
../Core/Src/main.c:919:7:HAL_GPIO_EXTI_Callback	16	static
../Core/Src/main.c:1018:7:SendChar	16	static
../Core/Src/main.c:1056:7:Error_Handler	4	static,ignoring_inline_asm
