../Core/Src/main.c:160:17:Compute_CRC32	4
../Core/Src/main.c:175:13:Is_Record_Valid	2
../Core/Src/main.c:190:13:Scan_Page	6
../Core/Src/main.c:218:13:Erase_Page	4
../Core/Src/main.c:241:13:Program_Record	6
../Core/Src/main.c:267:7:Storage_Save	10
../Core/Src/main.c:318:6:Storage_Init	6
../Core/Src/main.c:361:5:main	32
../Core/Src/main.c:708:7:SystemClock_Config	3
../Core/Src/main.c:753:14:MX_TIM1_Init	7
../Core/Src/main.c:831:14:MX_TIM2_Init	5
../Core/Src/main.c:891:14:MX_TIM3_Init	4
../Core/Src/main.c:933:14:MX_TIM4_Init	4
../Core/Src/main.c:975:14:MX_TIM6_Init	3
../Core/Src/main.c:1011:14:MX_USART1_UART_Init	5
../Core/Src/main.c:1056:14:MX_GPIO_Init	1
../Core/Src/main.c:1128:7:HAL_TIM_PeriodElapsedCallback	2
../Core/Src/main.c:1157:7:HAL_GPIO_EXTI_Callback	17
../Core/Src/main.c:1254:14:PVD_Config	1
../Core/Src/main.c:1271:7:HAL_PWR_PVDCallback	2
../Core/Src/main.c:1285:7:SendChar	2
../Core/Src/main.c:1323:7:Error_Handler	1
