../Core/Src/main.c:136:5:main	32
../Core/Src/main.c:488:7:SystemClock_Config	3
../Core/Src/main.c:533:14:MX_TIM1_Init	7
../Core/Src/main.c:611:14:MX_TIM2_Init	5
../Core/Src/main.c:670:14:MX_TIM3_Init	4
../Core/Src/main.c:712:14:MX_TIM4_Init	4
../Core/Src/main.c:754:14:MX_TIM6_Init	3
../Core/Src/main.c:790:14:MX_USART1_UART_Init	5
../Core/Src/main.c:835:14:MX_GPIO_Init	1
../Core/Src/main.c:907:7:HAL_TIM_PeriodElapsedCallback	4
../Core/Src/main.c:949:7:HAL_GPIO_EXTI_Callback	18
../Core/Src/main.c:1065:7:SendChar	2
../Core/Src/main.c:1103:7:Error_Handler	1
