../Core/Src/main.c:160:17:Compute_CRC32	32	static
../Core/Src/main.c:175:13:Is_Record_Valid	24	static
../Core/Src/main.c:190:13:Scan_Page	88	static
../Core/Src/main.c:218:13:Erase_Page	40	static
../Core/Src/main.c:241:13:Program_Record	32	static
../Core/Src/main.c:267:7:Storage_Save	120	static
../Core/Src/main.c:318:6:Storage_Init	72	static
../Core/Src/main.c:361:5:main	464	static
../Core/Src/main.c:708:7:SystemClock_Config	88	static
../Core/Src/main.c:753:14:MX_TIM1_Init	120	static
../Core/Src/main.c:831:14:MX_TIM2_Init	88	static
../Core/Src/main.c:891:14:MX_TIM3_Init	40	static
../Core/Src/main.c:933:14:MX_TIM4_Init	40	static
../Core/Src/main.c:975:14:MX_TIM6_Init	24	static
../Core/Src/main.c:1011:14:MX_USART1_UART_Init	8	static
../Core/Src/main.c:1056:14:MX_GPIO_Init	40	static
../Core/Src/main.c:1128:7:HAL_TIM_PeriodElapsedCallback	16	static
../Core/Src/main.c:1157:7:HAL_GPIO_EXTI_Callback	16	static
../Core/Src/main.c:1254:14:PVD_Config	24	static
../Core/Src/main.c:1271:7:HAL_PWR_PVDCallback	8	static
../Core/Src/main.c:1285:7:SendChar	16	static
../Core/Src/main.c:1323:7:Error_Handler	4	static,ignoring_inline_asm
