../Core/Src/stm32g4xx_it.c:95:6:NMI_Handler	4	static
../Core/Src/stm32g4xx_it.c:108:6:HardFault_Handler	4	static
../Core/Src/stm32g4xx_it.c:121:6:MemManage_Handler	4	static
../Core/Src/stm32g4xx_it.c:134:6:BusFault_Handler	4	static
../Core/Src/stm32g4xx_it.c:147:6:UsageFault_Handler	4	static
../Core/Src/stm32g4xx_it.c:160:6:SVC_Handler	4	static
../Core/Src/stm32g4xx_it.c:172:6:DebugMon_Handler	4	static
../Core/Src/stm32g4xx_it.c:184:6:PendSV_Handler	4	static
../Core/Src/stm32g4xx_it.c:196:6:SysTick_Handler	8	static
../Core/Src/stm32g4xx_it.c:216:6:EXTI0_IRQHandler	8	static
../Core/Src/stm32g4xx_it.c:229:6:EXTI4_IRQHandler	8	static
../Core/Src/stm32g4xx_it.c:242:6:EXTI9_5_IRQHandler	8	static
../Core/Src/stm32g4xx_it.c:256:6:TIM2_IRQHandler	4	static
../Core/Src/stm32g4xx_it.c:288:6:TIM3_IRQHandler	40	static
../Core/Src/stm32g4xx_it.c:399:6:TIM6_DAC_IRQHandler	8	static
